Archive member included because of file (symbol)

C:\Program Files (x86)\VEX Robotics\VEXcode V5 Text\sdk/vexv5\libv5rt.a(v5_startup.c.obj)
                              (vexStartup)
C:\Program Files (x86)\VEX Robotics\VEXcode V5 Text\sdk/vexv5\libv5rt.a(v5_util.c.obj)
                              C:\Program Files (x86)\VEX Robotics\VEXcode V5 Text\sdk/vexv5\libv5rt.a(v5_startup.c.obj) (vexStdlibVersionLinked)
C:\Program Files (x86)\VEX Robotics\VEXcode V5 Text\sdk/vexv5\libv5rt.a(v5_apijump.c.obj)
                              C:\Program Files (x86)\VEX Robotics\VEXcode V5 Text\sdk/vexv5\libv5rt.a(v5_startup.c.obj) (vexPrivateApiEnable)
C:\Program Files (x86)\VEX Robotics\VEXcode V5 Text\sdk/vexv5\libv5rt.a(v5_apiversions.c.obj)
                              C:\Program Files (x86)\VEX Robotics\VEXcode V5 Text\sdk/vexv5\libv5rt.a(v5_apijump.c.obj) (vexSystemVersion)
C:\Program Files (x86)\VEX Robotics\VEXcode V5 Text\sdk/vexv5\libv5rt.a(vex_global.cpp.obj)
                              build/src/main.o (vex::wait(double, vex::timeUnits))
C:\Program Files (x86)\VEX Robotics\VEXcode V5 Text\sdk/vexv5\libv5rt.a(vex_device.cpp.obj)
                              build/src/subsystems/MecanumDrive.o (vtable for vex::device)
C:\Program Files (x86)\VEX Robotics\VEXcode V5 Text\sdk/vexv5\libv5rt.a(vex_motor.cpp.obj)
                              build/src/main.o (vex::motor::~motor())
C:\Program Files (x86)\VEX Robotics\VEXcode V5 Text\sdk/vexv5\libv5rt.a(vex_controller.cpp.obj)
                              build/src/main.o (vex::controller::button::pressing())
C:\Program Files (x86)\VEX Robotics\VEXcode V5 Text\sdk/vexv5\libv5rt.a(vex_thread.cpp.obj)
                              C:\Program Files (x86)\VEX Robotics\VEXcode V5 Text\sdk/vexv5\libv5rt.a(vex_global.cpp.obj) (vex::this_thread::sleep_for(unsigned long))
C:\Program Files (x86)\VEX Robotics\VEXcode V5 Text\sdk/vexv5\libv5rt.a(vex_event.cpp.obj)
                              C:\Program Files (x86)\VEX Robotics\VEXcode V5 Text\sdk/vexv5\libv5rt.a(vex_controller.cpp.obj) (vex::event::init(unsigned long, unsigned long, void (*)()))
C:\Program Files (x86)\VEX Robotics\VEXcode V5 Text\sdk/vexv5\libv5rt.a(vex_mevent.cpp.obj)
                              C:\Program Files (x86)\VEX Robotics\VEXcode V5 Text\sdk/vexv5\libv5rt.a(vex_controller.cpp.obj) (vex::mevent::mevent(unsigned long, unsigned long))
C:\Program Files (x86)\VEX Robotics\VEXcode V5 Text\sdk/vexv5\libv5rt.a(vex_color.cpp.obj)
                              C:\Program Files (x86)\VEX Robotics\VEXcode V5 Text\sdk/vexv5\libv5rt.a(vex_global.cpp.obj) (vex::color::transparent)
C:\Program Files (x86)\VEX Robotics\VEXcode V5 Text\sdk/vexv5\libv5rt.a(v5_apiuser.c.obj)
                              C:\Program Files (x86)\VEX Robotics\VEXcode V5 Text\sdk/vexv5\libv5rt.a(vex_motor.cpp.obj) (vexMotorVelocitySet)
C:\Program Files (x86)\VEX Robotics\VEXcode V5 Text\sdk/vexv5/gcc/libs\libc.a(lib_a-fini.o)
                              C:\Program Files (x86)\VEX Robotics\VEXcode V5 Text\sdk/vexv5\libv5rt.a(v5_startup.c.obj) (__libc_fini_array)
C:\Program Files (x86)\VEX Robotics\VEXcode V5 Text\sdk/vexv5/gcc/libs\libc.a(lib_a-impure.o)
                              C:\Program Files (x86)\VEX Robotics\VEXcode V5 Text\sdk/vexv5\libv5rt.a(v5_startup.c.obj) (_impure_ptr)
C:\Program Files (x86)\VEX Robotics\VEXcode V5 Text\sdk/vexv5/gcc/libs\libc.a(lib_a-init.o)
                              C:\Program Files (x86)\VEX Robotics\VEXcode V5 Text\sdk/vexv5\libv5rt.a(v5_startup.c.obj) (__libc_init_array)

Allocating common symbols
Common symbol       size              file

__bss_end           0x4               C:\Program Files (x86)\VEX Robotics\VEXcode V5 Text\sdk/vexv5\libv5rt.a(v5_startup.c.obj)
__vex_critical_section
                    0x1               C:\Program Files (x86)\VEX Robotics\VEXcode V5 Text\sdk/vexv5\libv5rt.a(v5_startup.c.obj)
__sbss_start        0x4               C:\Program Files (x86)\VEX Robotics\VEXcode V5 Text\sdk/vexv5\libv5rt.a(v5_startup.c.obj)
__bss_start         0x4               C:\Program Files (x86)\VEX Robotics\VEXcode V5 Text\sdk/vexv5\libv5rt.a(v5_startup.c.obj)
__stack             0x4               C:\Program Files (x86)\VEX Robotics\VEXcode V5 Text\sdk/vexv5\libv5rt.a(v5_startup.c.obj)
__sbss_end          0x4               C:\Program Files (x86)\VEX Robotics\VEXcode V5 Text\sdk/vexv5\libv5rt.a(v5_startup.c.obj)

Discarded input sections

 .text          0x00000000        0x0 build/src/main.o
 .group         0x00000000        0xc build/src/main.o
 .llvm_addrsig  0x00000000        0xa build/src/main.o
 .text          0x00000000        0x0 build/src/subsystems/DummyTwo.o
 .llvm_addrsig  0x00000000        0x0 build/src/subsystems/DummyTwo.o
 .text          0x00000000        0x0 build/src/subsystems/Lift.o
 .text._ZN4LiftC2ESt8functionIFlvEEll
                0x00000000      0x154 build/src/subsystems/Lift.o
 .ARM.exidx.text._ZN4LiftC2ESt8functionIFlvEEll
[...]
Memory Configuration

Name             Origin             Length             Attributes
ps7_ddr_0_S_AXI_BASEADDR 0x03800000         0x04800000
*default*        0x00000000         0xffffffff

Linker script and memory map

                0x00002000                _STACK_SIZE = DEFINED (_STACK_SIZE)?_STACK_SIZE:0x2000
                0x00100000                _HEAP_SIZE = DEFINED (_HEAP_SIZE)?_HEAP_SIZE:0x100000
                0x00000400                _ABORT_STACK_SIZE = DEFINED (_ABORT_STACK_SIZE)?_ABORT_STACK_SIZE:0x400
                0x00000800                _SUPERVISOR_STACK_SIZE = DEFINED (_SUPERVISOR_STACK_SIZE)?_SUPERVISOR_STACK_SIZE:0x800
                0x00000400                _IRQ_STACK_SIZE = DEFINED (_IRQ_STACK_SIZE)?_IRQ_STACK_SIZE:0x400
                0x00000400                _FIQ_STACK_SIZE = DEFINED (_FIQ_STACK_SIZE)?_FIQ_STACK_SIZE:0x400
                0x00000400                _UNDEF_STACK_SIZE = DEFINED (_UNDEF_STACK_SIZE)?_UNDEF_STACK_SIZE:0x400

.text           0x03800000     0x1c20
 *(.vectors)
 *(.boot_data)
 .boot_data     0x03800000       0x20 C:\Program Files (x86)\VEX Robotics\VEXcode V5 Text\sdk/vexv5\libv5rt.a(v5_startup.c.obj)
                0x03800000                vexCodeSig
                0x00000020                . = 0x20
 *(.boot)
 .boot          0x03800020       0xbc C:\Program Files (x86)\VEX Robotics\VEXcode V5 Text\sdk/vexv5\libv5rt.a(v5_startup.c.obj)
                0x03800020                vexStartup
                0x03800100                . = ALIGN (0x40)
 *fill*         0x038000dc       0x24 
 *(.freertos_vectors)
 *(.text)
 *(.text.*)
 .text.main     0x03800100      0x2e8 build/src/main.o
                0x03800100                main
 .text._ZNSt8functionIFbvEEaSERKS1_
                0x038003e8       0xa4 build/src/main.o
                0x038003e8                std::function<bool ()>::operator=(std::function<bool ()> const&)
 .text._ZNSt17_Function_handlerIFlvEZ4mainE3$_0E9_M_invokeERKSt9_Any_data
                0x0380048c       0x14 build/src/main.o
 .text._ZNSt14_Function_base13_Base_managerIZ4mainE3$_0E10_M_managerERSt9_Any_dataRKS3_St18_Manager_operation
                0x038004a0       0x64 build/src/main.o
 .text._ZNSt17_Function_handlerIFbvEZ4mainE3$_1E9_M_invokeERKSt9_Any_data
                0x03800504       0x10 build/src/main.o
 .text._ZNSt14_Function_base13_Base_managerIZ4mainE3$_1E10_M_managerERSt9_Any_dataRKS3_St18_Manager_operation
                0x03800514       0x64 build/src/main.o
 .text._ZNSt17_Function_handlerIFlvEZ4mainE3$_2E9_M_invokeERKSt9_Any_data
                0x03800578       0x14 build/src/main.o
 .text._ZNSt14_Function_base13_Base_managerIZ4mainE3$_2E10_M_managerERSt9_Any_dataRKS3_St18_Manager_operation
                0x0380058c       0x64 build/src/main.o
 .text._ZNSt17_Function_handlerIFlvEZ4mainE3$_3E9_M_invokeERKSt9_Any_data
                0x038005f0       0x14 build/src/main.o
 .text._ZNSt14_Function_base13_Base_managerIZ4mainE3$_3E10_M_managerERSt9_Any_dataRKS3_St18_Manager_operation
                0x03800604       0x64 build/src/main.o
 .text._ZNSt17_Function_handlerIFlvEZ4mainE3$_4E9_M_invokeERKSt9_Any_data
                0x03800668       0x14 build/src/main.o
 .text._ZNSt14_Function_base13_Base_managerIZ4mainE3$_4E10_M_managerERSt9_Any_dataRKS3_St18_Manager_operation
                0x0380067c       0x64 build/src/main.o
 .text._ZN8DummyTwo6updateEv
                0x038006e0       0x80 build/src/subsystems/DummyTwo.o
                0x038006e0                DummyTwo::update()
 .text._ZNSt8functionIFlvEEaSERKS1_
                0x03800760       0xa4 build/src/subsystems/Lift.o
                0x03800760                std::function<long ()>::operator=(std::function<long ()> const&)
 .text._ZN12MecanumDriveC2ESt8functionIFlvEES2_S2_llll
                0x03800804       0x94 build/src/subsystems/MecanumDrive.o
                0x03800804                MecanumDrive::MecanumDrive(std::function<long ()>, std::function<long ()>, std::function<long ()>, long, long, long, long)
                0x03800804                MecanumDrive::MecanumDrive(std::function<long ()>, std::function<long ()>, std::function<long ()>, long, long, long, long)
 .text._ZN12MecanumDrive6updateEv
                0x03800898      0x270 build/src/subsystems/MecanumDrive.o
                0x03800898                MecanumDrive::update()
 .text._ZN14DummySubsystemC2ESt8functionIFlvEEN3vex5motorE
                0x03800b08       0x7c build/src/subsystems/DummySystem.o
                0x03800b08                DummySubsystem::DummySubsystem(std::function<long ()>, vex::motor)
                0x03800b08                DummySubsystem::DummySubsystem(std::function<long ()>, vex::motor)
 .text._ZN14DummySubsystem6updateEv
                0x03800b84       0x6c build/src/subsystems/DummySystem.o
                0x03800b84                DummySubsystem::update()
 .text.vexMain  0x03800bf0       0xb0 C:\Program Files (x86)\VEX Robotics\VEXcode V5 Text\sdk/vexv5\libv5rt.a(v5_startup.c.obj)
                0x03800bf0                vexMain
 .text.__vex_function_prolog
                0x03800ca0       0x18 C:\Program Files (x86)\VEX Robotics\VEXcode V5 Text\sdk/vexv5\libv5rt.a(v5_startup.c.obj)
                0x03800ca0                __vex_function_prolog
 .text._init    0x03800cb8        0x4 C:\Program Files (x86)\VEX Robotics\VEXcode V5 Text\sdk/vexv5\libv5rt.a(v5_startup.c.obj)
                0x03800cb8                _init
 .text._fini    0x03800cbc        0x4 C:\Program Files (x86)\VEX Robotics\VEXcode V5 Text\sdk/vexv5\libv5rt.a(v5_startup.c.obj)
                0x03800cbc                _fini
 .text.vexStdlibVersionLinked
                0x03800cc0        0xc C:\Program Files (x86)\VEX Robotics\VEXcode V5 Text\sdk/vexv5\libv5rt.a(v5_util.c.obj)
                0x03800cc0                vexStdlibVersionLinked
 .text.vexStdlibVersionVerify
                0x03800ccc       0x30 C:\Program Files (x86)\VEX Robotics\VEXcode V5 Text\sdk/vexv5\libv5rt.a(v5_util.c.obj)
                0x03800ccc                vexStdlibVersionVerify
 .text.vexPrivateApiEnable
                0x03800cfc       0x10 C:\Program Files (x86)\VEX Robotics\VEXcode V5 Text\sdk/vexv5\libv5rt.a(v5_apijump.c.obj)
                0x03800cfc                vexPrivateApiEnable
 .text.vexStdlibMismatchError
                0x03800d0c       0x3c C:\Program Files (x86)\VEX Robotics\VEXcode V5 Text\sdk/vexv5\libv5rt.a(v5_apijump.c.obj)
                0x03800d0c                vexStdlibMismatchError
 .text.vexTaskAdd
                0x03800d48       0x10 C:\Program Files (x86)\VEX Robotics\VEXcode V5 Text\sdk/vexv5\libv5rt.a(v5_apijump.c.obj)
                0x03800d48                vexTaskAdd
 .text.vexTasksRun
                0x03800d58       0x10 C:\Program Files (x86)\VEX Robotics\VEXcode V5 Text\sdk/vexv5\libv5rt.a(v5_apijump.c.obj)
                0x03800d58                vexTasksRun
 .text.vexTaskCheckTimeslice
                0x03800d68       0x10 C:\Program Files (x86)\VEX Robotics\VEXcode V5 Text\sdk/vexv5\libv5rt.a(v5_apijump.c.obj)
                0x03800d68                vexTaskCheckTimeslice
 .text.vexTaskSleep
                0x03800d78       0x10 C:\Program Files (x86)\VEX Robotics\VEXcode V5 Text\sdk/vexv5\libv5rt.a(v5_apijump.c.obj)
                0x03800d78                vexTaskSleep
 .text.vexTasksDump
                0x03800d88       0x1c C:\Program Files (x86)\VEX Robotics\VEXcode V5 Text\sdk/vexv5\libv5rt.a(v5_apijump.c.obj)
                0x03800d88                vexTasksDump
 .text.vexTaskGetTaskIndex
                0x03800da4       0x10 C:\Program Files (x86)\VEX Robotics\VEXcode V5 Text\sdk/vexv5\libv5rt.a(v5_apijump.c.obj)
                0x03800da4                vexTaskGetTaskIndex
 .text.vexTaskStopAll
                0x03800db4       0x10 C:\Program Files (x86)\VEX Robotics\VEXcode V5 Text\sdk/vexv5\libv5rt.a(v5_apijump.c.obj)
                0x03800db4                vexTaskStopAll
 .text.vexTaskCompletionIdSet
                0x03800dc4       0x10 C:\Program Files (x86)\VEX Robotics\VEXcode V5 Text\sdk/vexv5\libv5rt.a(v5_apijump.c.obj)
                0x03800dc4                vexTaskCompletionIdSet
 .text.vexEventAdd
                0x03800dd4       0x34 C:\Program Files (x86)\VEX Robotics\VEXcode V5 Text\sdk/vexv5\libv5rt.a(v5_apijump.c.obj)
                0x03800dd4                vexEventAdd
 .text.vexEventUserIndexGet
                0x03800e08       0x1c C:\Program Files (x86)\VEX Robotics\VEXcode V5 Text\sdk/vexv5\libv5rt.a(v5_apijump.c.obj)
                0x03800e08                vexEventUserIndexGet
 .text.vexDebug
                0x03800e24       0x38 C:\Program Files (x86)\VEX Robotics\VEXcode V5 Text\sdk/vexv5\libv5rt.a(v5_apijump.c.obj)
                0x03800e24                vexDebug
 .text.vexSystemTimeGet
                0x03800e5c       0x1c C:\Program Files (x86)\VEX Robotics\VEXcode V5 Text\sdk/vexv5\libv5rt.a(v5_apijump.c.obj)
                0x03800e5c                vexSystemTimeGet
 .text.vexSystemExitRequest
                0x03800e78       0x1c C:\Program Files (x86)\VEX Robotics\VEXcode V5 Text\sdk/vexv5\libv5rt.a(v5_apijump.c.obj)
                0x03800e78                vexSystemExitRequest
 .text.vexDeviceGetByIndex
                0x03800e94       0x24 C:\Program Files (x86)\VEX Robotics\VEXcode V5 Text\sdk/vexv5\libv5rt.a(v5_apijump.c.obj)
                0x03800e94                vexDeviceGetByIndex
 .text.vexControllerGet
                0x03800eb8       0x2c C:\Program Files (x86)\VEX Robotics\VEXcode V5 Text\sdk/vexv5\libv5rt.a(v5_apijump.c.obj)
                0x03800eb8                vexControllerGet
 .text.vexDeviceMotorVelocitySet
                0x03800ee4       0x2c C:\Program Files (x86)\VEX Robotics\VEXcode V5 Text\sdk/vexv5\libv5rt.a(v5_apijump.c.obj)
                0x03800ee4                vexDeviceMotorVelocitySet
 .text.vexDeviceMotorActualVelocityGet
                0x03800f10       0x24 C:\Program Files (x86)\VEX Robotics\VEXcode V5 Text\sdk/vexv5\libv5rt.a(v5_apijump.c.obj)
                0x03800f10                vexDeviceMotorActualVelocityGet
 .text.vexDeviceMotorBrakeModeSet
                0x03800f34       0x2c C:\Program Files (x86)\VEX Robotics\VEXcode V5 Text\sdk/vexv5\libv5rt.a(v5_apijump.c.obj)
                0x03800f34                vexDeviceMotorBrakeModeSet
 .text.vexDeviceMotorPositionSet
                0x03800f60       0x34 C:\Program Files (x86)\VEX Robotics\VEXcode V5 Text\sdk/vexv5\libv5rt.a(v5_apijump.c.obj)
                0x03800f60                vexDeviceMotorPositionSet
 .text.vexDeviceMotorGearingGet
                0x03800f94       0x24 C:\Program Files (x86)\VEX Robotics\VEXcode V5 Text\sdk/vexv5\libv5rt.a(v5_apijump.c.obj)
                0x03800f94                vexDeviceMotorGearingGet
 .text.vexSystemStdlibImpureDataAddr
                0x03800fb8       0x28 C:\Program Files (x86)\VEX Robotics\VEXcode V5 Text\sdk/vexv5\libv5rt.a(v5_apijump.c.obj)
                0x03800fb8                vexSystemStdlibImpureDataAddr
 .text.vexSystemStdlibImpureDataSize
                0x03800fe0       0x28 C:\Program Files (x86)\VEX Robotics\VEXcode V5 Text\sdk/vexv5\libv5rt.a(v5_apijump.c.obj)
                0x03800fe0                vexSystemStdlibImpureDataSize
 .text.vexSystemSaveUserData
                0x03801008       0x3c C:\Program Files (x86)\VEX Robotics\VEXcode V5 Text\sdk/vexv5\libv5rt.a(v5_apijump.c.obj)
                0x03801008                vexSystemSaveUserData
 .text.vexDeviceEventMaskSet
                0x03801044       0x48 C:\Program Files (x86)\VEX Robotics\VEXcode V5 Text\sdk/vexv5\libv5rt.a(v5_apijump.c.obj)
                0x03801044                vexDeviceEventMaskSet
 .text.vexDeviceEventMaskGet
                0x0380108c       0x3c C:\Program Files (x86)\VEX Robotics\VEXcode V5 Text\sdk/vexv5\libv5rt.a(v5_apijump.c.obj)
                0x0380108c                vexDeviceEventMaskGet
 .text.vexSystemVersion
                0x038010c8       0x10 C:\Program Files (x86)\VEX Robotics\VEXcode V5 Text\sdk/vexv5\libv5rt.a(v5_apiversions.c.obj)
                0x038010c8                vexSystemVersion
 .text.vexStdlibVersion
                0x038010d8       0x10 C:\Program Files (x86)\VEX Robotics\VEXcode V5 Text\sdk/vexv5\libv5rt.a(v5_apiversions.c.obj)
                0x038010d8                vexStdlibVersion
 .text._ZN3vex4waitEdNS_9timeUnitsE
                0x038010e8       0x30 C:\Program Files (x86)\VEX Robotics\VEXcode V5 Text\sdk/vexv5\libv5rt.a(vex_global.cpp.obj)
                0x038010e8                vex::wait(double, vex::timeUnits)
 .text._ZN3vex6device5valueEv
                0x03801118        0x8 C:\Program Files (x86)\VEX Robotics\VEXcode V5 Text\sdk/vexv5\libv5rt.a(vex_device.cpp.obj)
                0x03801118                vex::device::value()
 .text._ZN3vex6deviceD2Ev
                0x03801120        0x4 C:\Program Files (x86)\VEX Robotics\VEXcode V5 Text\sdk/vexv5\libv5rt.a(vex_device.cpp.obj)
                0x03801120                vex::device::~device()
                0x03801120                vex::device::~device()
 .text._ZN3vex6device4initEl
                0x03801124       0x30 C:\Program Files (x86)\VEX Robotics\VEXcode V5 Text\sdk/vexv5\libv5rt.a(vex_device.cpp.obj)
                0x03801124                vex::device::init(long)
 .text._ZN3vex6deviceC2El
                0x03801154       0x20 C:\Program Files (x86)\VEX Robotics\VEXcode V5 Text\sdk/vexv5\libv5rt.a(vex_device.cpp.obj)
                0x03801154                vex::device::device(long)
                0x03801154                vex::device::device(long)
 .text._ZN3vex6device4typeEv
                0x03801174       0x10 C:\Program Files (x86)\VEX Robotics\VEXcode V5 Text\sdk/vexv5\libv5rt.a(vex_device.cpp.obj)
                0x03801174                vex::device::type()
 .text._ZN3vex6device9installedEv
                0x03801184       0x14 C:\Program Files (x86)\VEX Robotics\VEXcode V5 Text\sdk/vexv5\libv5rt.a(vex_device.cpp.obj)
                0x03801184                vex::device::installed()
 .text._ZN3vex5motor9installedEv
                0x03801198       0x18 C:\Program Files (x86)\VEX Robotics\VEXcode V5 Text\sdk/vexv5\libv5rt.a(vex_motor.cpp.obj)
                0x03801198                vex::motor::installed()
 .text._ZN3vex5motorD2Ev
                0x038011b0       0x20 C:\Program Files (x86)\VEX Robotics\VEXcode V5 Text\sdk/vexv5\libv5rt.a(vex_motor.cpp.obj)
                0x038011b0                vex::motor::~motor()
                0x038011b0                vex::motor::~motor()
 .text._ZN3vex5motor15defaultStoppingENS_9brakeTypeE
                0x038011d0       0x30 C:\Program Files (x86)\VEX Robotics\VEXcode V5 Text\sdk/vexv5\libv5rt.a(vex_motor.cpp.obj)
                0x038011d0                vex::motor::defaultStopping(vex::brakeType)
 .text._ZN3vex5motorC2El
                0x03801200       0x78 C:\Program Files (x86)\VEX Robotics\VEXcode V5 Text\sdk/vexv5\libv5rt.a(vex_motor.cpp.obj)
                0x03801200                vex::motor::motor(long)
                0x03801200                vex::motor::motor(long)
 .text._ZN3vex5motor16velocityToScaledEdNS_13velocityUnitsE
                0x03801278       0x5c C:\Program Files (x86)\VEX Robotics\VEXcode V5 Text\sdk/vexv5\libv5rt.a(vex_motor.cpp.obj)
                0x03801278                vex::motor::velocityToScaled(double, vex::velocityUnits)
 .text._ZN3vex5motor8velocityENS_13velocityUnitsE
                0x038012d4       0x30 C:\Program Files (x86)\VEX Robotics\VEXcode V5 Text\sdk/vexv5\libv5rt.a(vex_motor.cpp.obj)
                0x038012d4                vex::motor::velocity(vex::velocityUnits)
 .text._ZN3vex5motor5valueEv
                0x03801304       0x1c C:\Program Files (x86)\VEX Robotics\VEXcode V5 Text\sdk/vexv5\libv5rt.a(vex_motor.cpp.obj)
                0x03801304                vex::motor::value()
 .text._ZN3vex5motor16scaledToVelocityEdNS_13velocityUnitsE
                0x03801320       0xa4 C:\Program Files (x86)\VEX Robotics\VEXcode V5 Text\sdk/vexv5\libv5rt.a(vex_motor.cpp.obj)
                0x03801320                vex::motor::scaledToVelocity(double, vex::velocityUnits)
 .text._ZN3vex5motor4spinENS_13directionTypeEdNS_13velocityUnitsE
                0x038013c4       0x5c C:\Program Files (x86)\VEX Robotics\VEXcode V5 Text\sdk/vexv5\libv5rt.a(vex_motor.cpp.obj)
                0x038013c4                vex::motor::spin(vex::directionType, double, vex::velocityUnits)
 .text._ZN3vex5motor4spinENS_13directionTypeE
                0x03801420       0x28 C:\Program Files (x86)\VEX Robotics\VEXcode V5 Text\sdk/vexv5\libv5rt.a(vex_motor.cpp.obj)
                0x03801420                vex::motor::spin(vex::directionType)
 .text._ZN3vex5motor11setVelocityEdNS_13velocityUnitsE
                0x03801448       0x54 C:\Program Files (x86)\VEX Robotics\VEXcode V5 Text\sdk/vexv5\libv5rt.a(vex_motor.cpp.obj)
                0x03801448                vex::motor::setVelocity(double, vex::velocityUnits)
 .text._ZN3vex10controller5valueE19_V5_ControllerIndex
                0x0380149c        0x8 C:\Program Files (x86)\VEX Robotics\VEXcode V5 Text\sdk/vexv5\libv5rt.a(vex_controller.cpp.obj)
                0x0380149c                vex::controller::value(_V5_ControllerIndex)
 .text._ZN3vex10controller6button8pressingEv
                0x038014a4       0xc8 C:\Program Files (x86)\VEX Robotics\VEXcode V5 Text\sdk/vexv5\libv5rt.a(vex_controller.cpp.obj)
                0x038014a4                vex::controller::button::pressing()
 .text._ZN3vex10controller6button21_buttonToPressedEventEv
                0x0380156c       0x20 C:\Program Files (x86)\VEX Robotics\VEXcode V5 Text\sdk/vexv5\libv5rt.a(vex_controller.cpp.obj)
                0x0380156c                vex::controller::button::_buttonToPressedEvent()
 .text._ZN3vex10controller6button22_buttonToReleasedEventEv
                0x0380158c       0x20 C:\Program Files (x86)\VEX Robotics\VEXcode V5 Text\sdk/vexv5\libv5rt.a(vex_controller.cpp.obj)
                0x0380158c                vex::controller::button::_buttonToReleasedEvent()
 .text._ZN3vex10controller6buttonC2ENS0_11tButtonTypeEPS0_
                0x038015ac       0x48 C:\Program Files (x86)\VEX Robotics\VEXcode V5 Text\sdk/vexv5\libv5rt.a(vex_controller.cpp.obj)
                0x038015ac                vex::controller::button::button(vex::controller::tButtonType, vex::controller*)
                0x038015ac                vex::controller::button::button(vex::controller::tButtonType, vex::controller*)
 .text._ZN3vex10controller4axis5valueEv
                0x038015f4       0x58 C:\Program Files (x86)\VEX Robotics\VEXcode V5 Text\sdk/vexv5\libv5rt.a(vex_controller.cpp.obj)
                0x038015f4                vex::controller::axis::value()
 .text._ZN3vex10controller4axis8positionENS_12percentUnitsE
                0x0380164c       0x1c C:\Program Files (x86)\VEX Robotics\VEXcode V5 Text\sdk/vexv5\libv5rt.a(vex_controller.cpp.obj)
                0x0380164c                vex::controller::axis::position(vex::percentUnits)
 .text._ZN3vex10controller4axis23_joystickToChangedEventEv
                0x03801668       0x20 C:\Program Files (x86)\VEX Robotics\VEXcode V5 Text\sdk/vexv5\libv5rt.a(vex_controller.cpp.obj)
                0x03801668                vex::controller::axis::_joystickToChangedEvent()
 .text._ZN3vex10controller4axisC2ENS0_9tAxisTypeEPS0_
                0x03801688       0x2c C:\Program Files (x86)\VEX Robotics\VEXcode V5 Text\sdk/vexv5\libv5rt.a(vex_controller.cpp.obj)
                0x03801688                vex::controller::axis::axis(vex::controller::tAxisType, vex::controller*)
                0x03801688                vex::controller::axis::axis(vex::controller::tAxisType, vex::controller*)
 .text._ZN3vex10controllerC2ENS_14controllerTypeE
                0x038016b4      0x204 C:\Program Files (x86)\VEX Robotics\VEXcode V5 Text\sdk/vexv5\libv5rt.a(vex_controller.cpp.obj)
                0x038016b4                vex::controller::controller(vex::controllerType)
                0x038016b4                vex::controller::controller(vex::controllerType)
 .text._ZN3vex11this_thread9sleep_forEm
                0x038018b8        0x4 C:\Program Files (x86)\VEX Robotics\VEXcode V5 Text\sdk/vexv5\libv5rt.a(vex_thread.cpp.obj)
                0x038018b8                vex::this_thread::sleep_for(unsigned long)
 .text._ZN3vex5event4initEmmPFvvE
                0x038018bc        0x4 C:\Program Files (x86)\VEX Robotics\VEXcode V5 Text\sdk/vexv5\libv5rt.a(vex_event.cpp.obj)
                0x038018bc                vex::event::init(unsigned long, unsigned long, void (*)())
 .text._ZN3vex5event9userindexEv
                0x038018c0        0x4 C:\Program Files (x86)\VEX Robotics\VEXcode V5 Text\sdk/vexv5\libv5rt.a(vex_event.cpp.obj)
                0x038018c0                vex::event::userindex()
 .text._ZZN3vex6meventC4EmmENUlvE_4_FUNEv
                0x038018c4        0x4 C:\Program Files (x86)\VEX Robotics\VEXcode V5 Text\sdk/vexv5\libv5rt.a(vex_mevent.cpp.obj)
 .text._ZN3vex6meventC2Emm
                0x038018c8       0x70 C:\Program Files (x86)\VEX Robotics\VEXcode V5 Text\sdk/vexv5\libv5rt.a(vex_mevent.cpp.obj)
                0x038018c8                vex::mevent::mevent(unsigned long, unsigned long)
                0x038018c8                vex::mevent::mevent(unsigned long, unsigned long)
 .text._ZN3vex5colorD2Ev
                0x03801938        0x4 C:\Program Files (x86)\VEX Robotics\VEXcode V5 Text\sdk/vexv5\libv5rt.a(vex_color.cpp.obj)
                0x03801938                vex::color::~color()
                0x03801938                vex::color::~color()
 .text.startup._GLOBAL__sub_I__ZN3vex5color5blackE
                0x0380193c      0x164 C:\Program Files (x86)\VEX Robotics\VEXcode V5 Text\sdk/vexv5\libv5rt.a(vex_color.cpp.obj)
 .text.vexMotorVelocitySet
                0x03801aa0       0x20 C:\Program Files (x86)\VEX Robotics\VEXcode V5 Text\sdk/vexv5\libv5rt.a(v5_apiuser.c.obj)
                0x03801aa0                vexMotorVelocitySet
 .text.vexMotorActualVelocityGet
                0x03801ac0       0x24 C:\Program Files (x86)\VEX Robotics\VEXcode V5 Text\sdk/vexv5\libv5rt.a(v5_apiuser.c.obj)
                0x03801ac0                vexMotorActualVelocityGet
 .text.vexMotorBrakeModeSet
                0x03801ae4       0x20 C:\Program Files (x86)\VEX Robotics\VEXcode V5 Text\sdk/vexv5\libv5rt.a(v5_apiuser.c.obj)
                0x03801ae4                vexMotorBrakeModeSet
 .text.vexMotorPositionSet
                0x03801b04       0x28 C:\Program Files (x86)\VEX Robotics\VEXcode V5 Text\sdk/vexv5\libv5rt.a(v5_apiuser.c.obj)
                0x03801b04                vexMotorPositionSet
 .text.vexMotorGearingGet
                0x03801b2c       0x18 C:\Program Files (x86)\VEX Robotics\VEXcode V5 Text\sdk/vexv5\libv5rt.a(v5_apiuser.c.obj)
                0x03801b2c                vexMotorGearingGet
 .text.vexEventMaskSet
                0x03801b44       0x28 C:\Program Files (x86)\VEX Robotics\VEXcode V5 Text\sdk/vexv5\libv5rt.a(v5_apiuser.c.obj)
                0x03801b44                vexEventMaskSet
 .text.vexEventMaskGet
                0x03801b6c       0x18 C:\Program Files (x86)\VEX Robotics\VEXcode V5 Text\sdk/vexv5\libv5rt.a(v5_apiuser.c.obj)
                0x03801b6c                vexEventMaskGet
 .text.__libc_fini_array
                0x03801b84       0x30 C:\Program Files (x86)\VEX Robotics\VEXcode V5 Text\sdk/vexv5/gcc/libs\libc.a(lib_a-fini.o)
                0x03801b84                __libc_fini_array
 .text.__libc_init_array
                0x03801bb4       0x58 C:\Program Files (x86)\VEX Robotics\VEXcode V5 Text\sdk/vexv5/gcc/libs\libc.a(lib_a-init.o)
                0x03801bb4                __libc_init_array
 *fill*         0x03801c0c        0x4 
 .text.__libc_init_array.__stub
                0x03801c10       0x10 linker stubs
 *(.gnu.linkonce.t.*)
 *(.plt)
 *(.gnu_warning)
 *(.gcc_except_table)
 *(.glue_7)
 .glue_7        0x00000000        0x0 linker stubs
 *(.glue_7t)
 .glue_7t       0x00000000        0x0 linker stubs
 *(.vfp11_veneer)
 .vfp11_veneer  0x00000000        0x0 linker stubs
 *(.ARM.extab)
 *(.gnu.linkonce.armextab.*)

.v4_bx          0x03801c20        0x0
 .v4_bx         0x00000000        0x0 linker stubs

.iplt           0x03801c20        0x0
 .iplt          0x00000000        0x0 build/src/main.o

.init
 *(.init)

.fini
 *(.fini)

.rodata         0x03801c20       0xb0
                0x03801c20                __rodata_start = .
 *(.rodata)
 *(.rodata.*)
 .rodata._ZTV8DummyTwo
                0x03801c20        0xc build/src/subsystems/DummyTwo.o
                0x03801c20                vtable for DummyTwo
 .rodata._ZTV12MecanumDrive
                0x03801c2c        0xc build/src/subsystems/MecanumDrive.o
                0x03801c2c                vtable for MecanumDrive
 .rodata._ZTV14DummySubsystem
                0x03801c38        0xc build/src/subsystems/DummySystem.o
                0x03801c38                vtable for DummySubsystem
 .rodata.str1.1
                0x03801c44       0x2e C:\Program Files (x86)\VEX Robotics\VEXcode V5 Text\sdk/vexv5\libv5rt.a(v5_startup.c.obj)
 *fill*         0x03801c72        0x2 
 .rodata._ZN3vex5PORT3E
                0x03801c74        0x4 C:\Program Files (x86)\VEX Robotics\VEXcode V5 Text\sdk/vexv5\libv5rt.a(vex_global.cpp.obj)
                0x03801c74                vex::PORT3
 .rodata._ZN3vex5PORT1E
                0x03801c78        0x4 C:\Program Files (x86)\VEX Robotics\VEXcode V5 Text\sdk/vexv5\libv5rt.a(vex_global.cpp.obj)
                0x03801c78                vex::PORT1
 .rodata._ZN3vex6PORT10E
                0x03801c7c        0x4 C:\Program Files (x86)\VEX Robotics\VEXcode V5 Text\sdk/vexv5\libv5rt.a(vex_global.cpp.obj)
                0x03801c7c                vex::PORT10
 .rodata._ZN3vex5PORT5E
                0x03801c80        0x4 C:\Program Files (x86)\VEX Robotics\VEXcode V5 Text\sdk/vexv5\libv5rt.a(vex_global.cpp.obj)
                0x03801c80                vex::PORT5
 .rodata._ZN3vex5PORT2E
                0x03801c84        0x4 C:\Program Files (x86)\VEX Robotics\VEXcode V5 Text\sdk/vexv5\libv5rt.a(vex_global.cpp.obj)
                0x03801c84                vex::PORT2
 .rodata._ZN3vex5PORT4E
                0x03801c88        0x4 C:\Program Files (x86)\VEX Robotics\VEXcode V5 Text\sdk/vexv5\libv5rt.a(vex_global.cpp.obj)
                0x03801c88                vex::PORT4
 *fill*         0x03801c8c        0x4 
 .rodata._ZTVN3vex6deviceE
                0x03801c90       0x10 C:\Program Files (x86)\VEX Robotics\VEXcode V5 Text\sdk/vexv5\libv5rt.a(vex_device.cpp.obj)
                0x03801c90                vtable for vex::device
 .rodata._ZTVN3vex5motorE
                0x03801ca0       0x10 C:\Program Files (x86)\VEX Robotics\VEXcode V5 Text\sdk/vexv5\libv5rt.a(vex_motor.cpp.obj)
                0x03801ca0                vtable for vex::motor
 .rodata.CSWTCH.15
                0x03801cb0        0xb C:\Program Files (x86)\VEX Robotics\VEXcode V5 Text\sdk/vexv5\libv5rt.a(vex_controller.cpp.obj)
 .rodata.CSWTCH.17
                0x03801cbb        0xb C:\Program Files (x86)\VEX Robotics\VEXcode V5 Text\sdk/vexv5\libv5rt.a(vex_controller.cpp.obj)
 .rodata.CSWTCH.23
                0x03801cc6        0x3 C:\Program Files (x86)\VEX Robotics\VEXcode V5 Text\sdk/vexv5\libv5rt.a(vex_controller.cpp.obj)
 *fill*         0x03801cc9        0x3 
 .rodata.str1.4
                0x03801ccc        0x4 C:\Program Files (x86)\VEX Robotics\VEXcode V5 Text\sdk/vexv5/gcc/libs\libc.a(lib_a-impure.o)
                                  0x2 (size before relaxing)
 *(.gnu.linkonce.r.*)
                0x03801cd0                __rodata_end = .

.rodata1        0x03801cd0        0x0
                0x03801cd0                __rodata1_start = .
 *(.rodata1)
 *(.rodata1.*)
                0x03801cd0                __rodata1_end = .

.sdata2         0x03801cd0        0x0
                0x03801cd0                __sdata2_start = .
 *(.sdata2)
 *(.sdata2.*)
 *(.gnu.linkonce.s2.*)
                0x03801cd0                __sdata2_end = .

.sbss2          0x03801cd0        0x0
                0x03801cd0                __sbss2_start = .
 *(.sbss2)
 *(.sbss2.*)
 *(.gnu.linkonce.sb2.*)
                0x03801cd0                __sbss2_end = .

.data           0x03801cd0      0x43c
                0x03801cd0                __data_start = .
 *(.data)
 *(.data.*)
 .data.appRunning
                0x03801cd0        0x4 C:\Program Files (x86)\VEX Robotics\VEXcode V5 Text\sdk/vexv5\libv5rt.a(v5_startup.c.obj)
                0x03801cd0                appRunning
 .data._ZN3vex4msecE
                0x03801cd4        0x4 C:\Program Files (x86)\VEX Robotics\VEXcode V5 Text\sdk/vexv5\libv5rt.a(vex_global.cpp.obj)
                0x03801cd4                vex::msec
 .data._ZN3vex24__default_motor_velocityE
                0x03801cd8        0x4 C:\Program Files (x86)\VEX Robotics\VEXcode V5 Text\sdk/vexv5\libv5rt.a(vex_motor.cpp.obj)
                0x03801cd8                vex::__default_motor_velocity
 *fill*         0x03801cdc        0x4 
 .data.impure_data
                0x03801ce0      0x428 C:\Program Files (x86)\VEX Robotics\VEXcode V5 Text\sdk/vexv5/gcc/libs\libc.a(lib_a-impure.o)
 .data._impure_ptr
                0x03802108        0x4 C:\Program Files (x86)\VEX Robotics\VEXcode V5 Text\sdk/vexv5/gcc/libs\libc.a(lib_a-impure.o)
                0x03802108                _impure_ptr
 *(.gnu.linkonce.d.*)
 *(.jcr)
 *(.got)
 *(.got.plt)
                0x0380210c                __data_end = .

.igot.plt       0x0380210c        0x0
 .igot.plt      0x00000000        0x0 build/src/main.o

.data1          0x0380210c        0x0
                0x0380210c                __data1_start = .
 *(.data1)
 *(.data1.*)
                0x0380210c                __data1_end = .

.got
 *(.got)

.ctors          0x0380210c        0x0
                0x0380210c                __CTOR_LIST__ = .
                0x0380210c                ___CTORS_LIST___ = .
 *crtbegin.o(.ctors)
 *(EXCLUDE_FILE(*crtend.o) .ctors)
 *(SORT(.ctors.*))
 *(.ctors)
                0x0380210c                __CTOR_END__ = .
                0x0380210c                ___CTORS_END___ = .

.dtors          0x0380210c        0x0
                0x0380210c                __DTOR_LIST__ = .
                0x0380210c                ___DTORS_LIST___ = .
 *crtbegin.o(.dtors)
 *(EXCLUDE_FILE(*crtend.o) .dtors)
 *(SORT(.dtors.*))
 *(.dtors)
                0x0380210c                __DTOR_END__ = .
                0x0380210c                ___DTORS_END___ = .

.fixup          0x0380210c        0x0
                0x0380210c                __fixup_start = .
 *(.fixup)
                0x0380210c                __fixup_end = .

.eh_frame
 *(.eh_frame)

.eh_framehdr    0x0380210c        0x0
                0x0380210c                __eh_framehdr_start = .
 *(.eh_framehdr)
                0x0380210c                __eh_framehdr_end = .

.gcc_except_table
 *(.gcc_except_table)

.mmu_tbl        0x03804000        0x0
                0x03804000                __mmu_tbl_start = .
 *(.mmu_tbl)
                0x03804000                __mmu_tbl_end = .

.ARM.exidx      0x0380210c        0x8
                0x0380210c                __exidx_start = .
 *(.ARM.exidx*)
 .ARM.exidx.text.main
                0x0380210c        0x8 build/src/main.o
 .ARM.exidx.text._ZNSt8functionIFbvEEaSERKS1_
                0x03802114        0x0 build/src/main.o
                                  0x8 (size before relaxing)
 .ARM.exidx.text._ZNSt17_Function_handlerIFlvEZ4mainE3$_0E9_M_invokeERKSt9_Any_data
                0x03802114        0x0 build/src/main.o
                                  0x8 (size before relaxing)
 .ARM.exidx.text._ZNSt14_Function_base13_Base_managerIZ4mainE3$_0E10_M_managerERSt9_Any_dataRKS3_St18_Manager_operation
                0x03802114        0x0 build/src/main.o
                                  0x8 (size before relaxing)
 .ARM.exidx.text._ZNSt17_Function_handlerIFbvEZ4mainE3$_1E9_M_invokeERKSt9_Any_data
                0x03802114        0x0 build/src/main.o
                                  0x8 (size before relaxing)
 .ARM.exidx.text._ZNSt14_Function_base13_Base_managerIZ4mainE3$_1E10_M_managerERSt9_Any_dataRKS3_St18_Manager_operation
                0x03802114        0x0 build/src/main.o
                                  0x8 (size before relaxing)
 .ARM.exidx.text._ZNSt17_Function_handlerIFlvEZ4mainE3$_2E9_M_invokeERKSt9_Any_data
                0x03802114        0x0 build/src/main.o
                                  0x8 (size before relaxing)
 .ARM.exidx.text._ZNSt14_Function_base13_Base_managerIZ4mainE3$_2E10_M_managerERSt9_Any_dataRKS3_St18_Manager_operation
                0x03802114        0x0 build/src/main.o
                                  0x8 (size before relaxing)
 .ARM.exidx.text._ZNSt17_Function_handlerIFlvEZ4mainE3$_3E9_M_invokeERKSt9_Any_data
                0x03802114        0x0 build/src/main.o
                                  0x8 (size before relaxing)
 .ARM.exidx.text._ZNSt14_Function_base13_Base_managerIZ4mainE3$_3E10_M_managerERSt9_Any_dataRKS3_St18_Manager_operation
                0x03802114        0x0 build/src/main.o
                                  0x8 (size before relaxing)
 .ARM.exidx.text._ZNSt17_Function_handlerIFlvEZ4mainE3$_4E9_M_invokeERKSt9_Any_data
                0x03802114        0x0 build/src/main.o
                                  0x8 (size before relaxing)
 .ARM.exidx.text._ZNSt14_Function_base13_Base_managerIZ4mainE3$_4E10_M_managerERSt9_Any_dataRKS3_St18_Manager_operation
                0x03802114        0x0 build/src/main.o
                                  0x8 (size before relaxing)
 .ARM.exidx.text._ZN8DummyTwo6updateEv
                0x03802114        0x0 build/src/subsystems/DummyTwo.o
                                  0x8 (size before relaxing)
 .ARM.exidx.text._ZNSt8functionIFlvEEaSERKS1_
                0x03802114        0x0 build/src/subsystems/Lift.o
                                  0x8 (size before relaxing)
 .ARM.exidx.text._ZN12MecanumDriveC2ESt8functionIFlvEES2_S2_llll
                0x03802114        0x0 build/src/subsystems/MecanumDrive.o
                                  0x8 (size before relaxing)
 .ARM.exidx.text._ZN12MecanumDrive6updateEv
                0x03802114        0x0 build/src/subsystems/MecanumDrive.o
                                  0x8 (size before relaxing)
 .ARM.exidx.text._ZN14DummySubsystemC2ESt8functionIFlvEEN3vex5motorE
                0x03802114        0x0 build/src/subsystems/DummySystem.o
                                  0x8 (size before relaxing)
 .ARM.exidx.text._ZN14DummySubsystem6updateEv
                0x03802114        0x0 build/src/subsystems/DummySystem.o
                                  0x8 (size before relaxing)
 *(.gnu.linkonce.armexidix.*.*)
                0x03802114                __exidx_end = .

.rel.dyn        0x03802114        0x0
 .rel.iplt      0x00000000        0x0 build/src/main.o

.preinit_array  0x03802114        0x0
                0x03802114                __preinit_array_start = .
 *(SORT(.preinit_array.*))
 *(.preinit_array)
                0x03802114                __preinit_array_end = .

.init_array     0x03802114        0x4
                0x03802114                __init_array_start = .
 *(SORT(.init_array.*))
 *(.init_array)
 .init_array    0x03802114        0x4 C:\Program Files (x86)\VEX Robotics\VEXcode V5 Text\sdk/vexv5\libv5rt.a(vex_color.cpp.obj)
                0x03802118                __init_array_end = .

.fini_array     0x03802118        0x0
                0x03802118                __fini_array_start = .
 *(SORT(.fini_array.*))
 *(.fini_array)
                0x03802118                __fini_array_end = .

.ARM.attributes
                0x03802118       0x3c
                0x03802118                __ARM.attributes_start = .
 *(.ARM.attributes)
 .ARM.attributes
                0x03802118       0x3a build/src/main.o
 .ARM.attributes
                0x03802152       0x3a build/src/subsystems/DummyTwo.o
 .ARM.attributes
                0x0380218c       0x3a build/src/subsystems/Lift.o
 .ARM.attributes
                0x038021c6       0x3a build/src/subsystems/MecanumDrive.o
 .ARM.attributes
                0x03802200       0x3a build/src/subsystems/DummySystem.o
 .ARM.attributes
                0x0380223a       0x35 C:\Program Files (x86)\VEX Robotics\VEXcode V5 Text\sdk/vexv5\libv5rt.a(v5_startup.c.obj)
 .ARM.attributes
                0x0380226f       0x35 C:\Program Files (x86)\VEX Robotics\VEXcode V5 Text\sdk/vexv5\libv5rt.a(v5_util.c.obj)
 .ARM.attributes
                0x038022a4       0x35 C:\Program Files (x86)\VEX Robotics\VEXcode V5 Text\sdk/vexv5\libv5rt.a(v5_apijump.c.obj)
 .ARM.attributes
                0x038022d9       0x35 C:\Program Files (x86)\VEX Robotics\VEXcode V5 Text\sdk/vexv5\libv5rt.a(v5_apiversions.c.obj)
 .ARM.attributes
                0x0380230e       0x35 C:\Program Files (x86)\VEX Robotics\VEXcode V5 Text\sdk/vexv5\libv5rt.a(vex_global.cpp.obj)
 .ARM.attributes
                0x03802343       0x35 C:\Program Files (x86)\VEX Robotics\VEXcode V5 Text\sdk/vexv5\libv5rt.a(vex_device.cpp.obj)
 .ARM.attributes
                0x03802378       0x35 C:\Program Files (x86)\VEX Robotics\VEXcode V5 Text\sdk/vexv5\libv5rt.a(vex_motor.cpp.obj)
 .ARM.attributes
                0x038023ad       0x35 C:\Program Files (x86)\VEX Robotics\VEXcode V5 Text\sdk/vexv5\libv5rt.a(vex_controller.cpp.obj)
 .ARM.attributes
                0x038023e2       0x35 C:\Program Files (x86)\VEX Robotics\VEXcode V5 Text\sdk/vexv5\libv5rt.a(vex_thread.cpp.obj)
 .ARM.attributes
                0x03802417       0x35 C:\Program Files (x86)\VEX Robotics\VEXcode V5 Text\sdk/vexv5\libv5rt.a(vex_event.cpp.obj)
 .ARM.attributes
                0x0380244c       0x35 C:\Program Files (x86)\VEX Robotics\VEXcode V5 Text\sdk/vexv5\libv5rt.a(vex_mevent.cpp.obj)
 .ARM.attributes
                0x03802481       0x35 C:\Program Files (x86)\VEX Robotics\VEXcode V5 Text\sdk/vexv5\libv5rt.a(vex_color.cpp.obj)
 .ARM.attributes
                0x038024b6       0x35 C:\Program Files (x86)\VEX Robotics\VEXcode V5 Text\sdk/vexv5\libv5rt.a(v5_apiuser.c.obj)
 .ARM.attributes
                0x038024eb       0x2b C:\Program Files (x86)\VEX Robotics\VEXcode V5 Text\sdk/vexv5/gcc/libs\libc.a(lib_a-fini.o)
 .ARM.attributes
                0x03802516       0x2b C:\Program Files (x86)\VEX Robotics\VEXcode V5 Text\sdk/vexv5/gcc/libs\libc.a(lib_a-impure.o)
 .ARM.attributes
                0x03802541       0x2b C:\Program Files (x86)\VEX Robotics\VEXcode V5 Text\sdk/vexv5/gcc/libs\libc.a(lib_a-init.o)
                0x0380256c                __ARM.attributes_end = .

.sdata          0x03802118        0x0
                0x03802118                __sdata_start = .
 *(.sdata)
 *(.sdata.*)
 *(.gnu.linkonce.s.*)
                0x03802118                __sdata_end = .

.sbss           0x03802118        0x0
                0x03802118                __sbss_start = .
 *(.sbss)
 *(.sbss.*)
 *(.gnu.linkonce.sb.*)
                0x03802118                __sbss_end = .

.tdata          0x03802118        0x0
                0x03802118                __tdata_start = .
 *(.tdata)
 *(.tdata.*)
 *(.gnu.linkonce.td.*)
                0x03802118                __tdata_end = .

.tbss           0x03802118        0x0
                0x03802118                __tbss_start = .
 *(.tbss)
 *(.tbss.*)
 *(.gnu.linkonce.tb.*)
                0x03802118                __tbss_end = .

.bss            0x03802118       0x78
                0x03802118                __bss_start = .
 *(.bss)
 *(.bss.*)
 .bss.__dso_handle
                0x03802118        0x4 C:\Program Files (x86)\VEX Robotics\VEXcode V5 Text\sdk/vexv5\libv5rt.a(v5_startup.c.obj)
                0x03802118                __dso_handle
 .bss._ZN3vex7primaryE
                0x0380211c        0x4 C:\Program Files (x86)\VEX Robotics\VEXcode V5 Text\sdk/vexv5\libv5rt.a(vex_global.cpp.obj)
                0x0380211c                vex::primary
 .bss._ZN3vex7forwardE
                0x03802120        0x4 C:\Program Files (x86)\VEX Robotics\VEXcode V5 Text\sdk/vexv5\libv5rt.a(vex_global.cpp.obj)
                0x03802120                vex::forward
 .bss._ZN3vex7percentE
                0x03802124        0x4 C:\Program Files (x86)\VEX Robotics\VEXcode V5 Text\sdk/vexv5\libv5rt.a(vex_global.cpp.obj)
                0x03802124                vex::percent
 .bss._ZN3vex5color6orangeE
                0x03802128        0x8 C:\Program Files (x86)\VEX Robotics\VEXcode V5 Text\sdk/vexv5\libv5rt.a(vex_color.cpp.obj)
                0x03802128                vex::color::orange
 .bss._ZN3vex5color5blackE
                0x03802130        0x8 C:\Program Files (x86)\VEX Robotics\VEXcode V5 Text\sdk/vexv5\libv5rt.a(vex_color.cpp.obj)
                0x03802130                vex::color::black
 .bss._ZN3vex5color6yellowE
                0x03802138        0x8 C:\Program Files (x86)\VEX Robotics\VEXcode V5 Text\sdk/vexv5\libv5rt.a(vex_color.cpp.obj)
                0x03802138                vex::color::yellow
 .bss._ZN3vex5color5greenE
                0x03802140        0x8 C:\Program Files (x86)\VEX Robotics\VEXcode V5 Text\sdk/vexv5\libv5rt.a(vex_color.cpp.obj)
                0x03802140                vex::color::green
 .bss._ZN3vex5color6purpleE
                0x03802148        0x8 C:\Program Files (x86)\VEX Robotics\VEXcode V5 Text\sdk/vexv5\libv5rt.a(vex_color.cpp.obj)
                0x03802148                vex::color::purple
 .bss._ZN3vex5color4cyanE
                0x03802150        0x8 C:\Program Files (x86)\VEX Robotics\VEXcode V5 Text\sdk/vexv5\libv5rt.a(vex_color.cpp.obj)
                0x03802150                vex::color::cyan
 .bss._ZN3vex5color4blueE
                0x03802158        0x8 C:\Program Files (x86)\VEX Robotics\VEXcode V5 Text\sdk/vexv5\libv5rt.a(vex_color.cpp.obj)
                0x03802158                vex::color::blue
 .bss._ZN3vex5color3redE
                0x03802160        0x8 C:\Program Files (x86)\VEX Robotics\VEXcode V5 Text\sdk/vexv5\libv5rt.a(vex_color.cpp.obj)
                0x03802160                vex::color::red
 .bss._ZN3vex5color11transparentE
                0x03802168        0x8 C:\Program Files (x86)\VEX Robotics\VEXcode V5 Text\sdk/vexv5\libv5rt.a(vex_color.cpp.obj)
                0x03802168                vex::color::transparent
 .bss._ZN3vex5color5whiteE
                0x03802170        0x8 C:\Program Files (x86)\VEX Robotics\VEXcode V5 Text\sdk/vexv5\libv5rt.a(vex_color.cpp.obj)
                0x03802170                vex::color::white
 *(.gnu.linkonce.b.*)
 *(COMMON)
 COMMON         0x03802178       0x18 C:\Program Files (x86)\VEX Robotics\VEXcode V5 Text\sdk/vexv5\libv5rt.a(v5_startup.c.obj)
                0x0380217c                __vex_critical_section
                0x03802190                __bss_end = .
                0x03802118                _SDA_BASE_ = (__sdata_start + ((__sbss_end - __sdata_start) / 0x2))
                0x03801cd0                _SDA2_BASE_ = (__sdata2_start + ((__sbss2_end - __sdata2_start) / 0x2))

.heap           0x03802190   0x100000
                0x03802190                . = ALIGN (0x10)
 *fill*         0x03802190        0x0 
                0x03802190                _heap = .
                0x03802190                HeapBase = .
                0x03802190                _heap_start = .
                0x03902190                . = (. + _HEAP_SIZE)
 *fill*         0x03802190   0x100000 
                0x03902190                _heap_end = .
                0x03902190                HeapLimit = .

.stack          0x03902190     0x3800
                0x03902190                . = ALIGN (0x10)
                0x03902190                _stack_end = .
                0x03904190                . = (. + _STACK_SIZE)
 *fill*         0x03902190     0x2000 
                0x03904190                . = ALIGN (0x10)
                0x03904190                _stack = .
                0x03904190                __stack = _stack
                0x03904190                . = ALIGN (0x10)
                0x03904190                _irq_stack_end = .
                0x03904590                . = (. + _IRQ_STACK_SIZE)
 *fill*         0x03904190      0x400 
                0x03904590                . = ALIGN (0x10)
                0x03904590                __irq_stack = .
                0x03904590                _supervisor_stack_end = .
                0x03904d90                . = (. + _SUPERVISOR_STACK_SIZE)
 *fill*         0x03904590      0x800 
                0x03904d90                . = ALIGN (0x10)
                0x03904d90                __supervisor_stack = .
                0x03904d90                _abort_stack_end = .
                0x03905190                . = (. + _ABORT_STACK_SIZE)
 *fill*         0x03904d90      0x400 
                0x03905190                . = ALIGN (0x10)
                0x03905190                __abort_stack = .
                0x03905190                _fiq_stack_end = .
                0x03905590                . = (. + _FIQ_STACK_SIZE)
 *fill*         0x03905190      0x400 
                0x03905590                . = ALIGN (0x10)
                0x03905590                __fiq_stack = .
                0x03905590                _undef_stack_end = .
                0x03905990                . = (. + _UNDEF_STACK_SIZE)
 *fill*         0x03905590      0x400 
                0x03905990                . = ALIGN (0x10)
                0x03905990                __undef_stack = .
                0x03905990                _end = .
LOAD C:\Program Files (x86)\VEX Robotics\VEXcode V5 Text\sdk/vexv5/stdlib_0.lib
LOAD build/src/main.o
LOAD build/src/subsystems/DummyTwo.o
LOAD build/src/subsystems/Lift.o
LOAD build/src/subsystems/MecanumDrive.o
LOAD build/src/subsystems/DummySystem.o
START GROUP
LOAD C:\Program Files (x86)\VEX Robotics\VEXcode V5 Text\sdk/vexv5\libv5rt.a
LOAD C:\Program Files (x86)\VEX Robotics\VEXcode V5 Text\sdk/vexv5/gcc/libs\libstdc++.a
LOAD C:\Program Files (x86)\VEX Robotics\VEXcode V5 Text\sdk/vexv5/gcc/libs\libc.a
LOAD C:\Program Files (x86)\VEX Robotics\VEXcode V5 Text\sdk/vexv5/gcc/libs\libm.a
LOAD C:\Program Files (x86)\VEX Robotics\VEXcode V5 Text\sdk/vexv5/gcc/libs\libgcc.a
END GROUP
OUTPUT(build/2020-TowerTakeover.elf elf32-littlearm)

.comment        0x00000000       0x9d
 .comment       0x00000000       0x2d build/src/main.o
                                 0x2e (size before relaxing)
 .comment       0x00000000       0x2e build/src/subsystems/DummyTwo.o
 .comment       0x00000000       0x2e build/src/subsystems/Lift.o
 .comment       0x00000000       0x2e build/src/subsystems/MecanumDrive.o
 .comment       0x00000000       0x2e build/src/subsystems/DummySystem.o
 .comment       0x0000002d       0x70 C:\Program Files (x86)\VEX Robotics\VEXcode V5 Text\sdk/vexv5\libv5rt.a(v5_startup.c.obj)
                                 0x71 (size before relaxing)
 .comment       0x00000000       0x71 C:\Program Files (x86)\VEX Robotics\VEXcode V5 Text\sdk/vexv5\libv5rt.a(v5_util.c.obj)
 .comment       0x00000000       0x71 C:\Program Files (x86)\VEX Robotics\VEXcode V5 Text\sdk/vexv5\libv5rt.a(v5_apijump.c.obj)
 .comment       0x00000000       0x71 C:\Program Files (x86)\VEX Robotics\VEXcode V5 Text\sdk/vexv5\libv5rt.a(v5_apiversions.c.obj)
 .comment       0x00000000       0x71 C:\Program Files (x86)\VEX Robotics\VEXcode V5 Text\sdk/vexv5\libv5rt.a(vex_global.cpp.obj)
 .comment       0x00000000       0x71 C:\Program Files (x86)\VEX Robotics\VEXcode V5 Text\sdk/vexv5\libv5rt.a(vex_device.cpp.obj)
 .comment       0x00000000       0x71 C:\Program Files (x86)\VEX Robotics\VEXcode V5 Text\sdk/vexv5\libv5rt.a(vex_motor.cpp.obj)
 .comment       0x00000000       0x71 C:\Program Files (x86)\VEX Robotics\VEXcode V5 Text\sdk/vexv5\libv5rt.a(vex_controller.cpp.obj)
 .comment       0x00000000       0x71 C:\Program Files (x86)\VEX Robotics\VEXcode V5 Text\sdk/vexv5\libv5rt.a(vex_thread.cpp.obj)
 .comment       0x00000000       0x71 C:\Program Files (x86)\VEX Robotics\VEXcode V5 Text\sdk/vexv5\libv5rt.a(vex_event.cpp.obj)
 .comment       0x00000000       0x71 C:\Program Files (x86)\VEX Robotics\VEXcode V5 Text\sdk/vexv5\libv5rt.a(vex_mevent.cpp.obj)
 .comment       0x00000000       0x71 C:\Program Files (x86)\VEX Robotics\VEXcode V5 Text\sdk/vexv5\libv5rt.a(vex_color.cpp.obj)
 .comment       0x00000000       0x71 C:\Program Files (x86)\VEX Robotics\VEXcode V5 Text\sdk/vexv5\libv5rt.a(v5_apiuser.c.obj)

.note.GNU-stack
                0x00000000        0x0
 .note.GNU-stack
                0x00000000        0x0 build/src/main.o
 .note.GNU-stack
                0x00000000        0x0 build/src/subsystems/DummyTwo.o
 .note.GNU-stack
                0x00000000        0x0 build/src/subsystems/Lift.o
 .note.GNU-stack
                0x00000000        0x0 build/src/subsystems/MecanumDrive.o
 .note.GNU-stack
                0x00000000        0x0 build/src/subsystems/DummySystem.o

.debug_frame    0x00000000       0x60
 .debug_frame   0x00000000       0x34 C:\Program Files (x86)\VEX Robotics\VEXcode V5 Text\sdk/vexv5/gcc/libs\libc.a(lib_a-fini.o)
 .debug_frame   0x00000034       0x2c C:\Program Files (x86)\VEX Robotics\VEXcode V5 Text\sdk/vexv5/gcc/libs\libc.a(lib_a-init.o)
